    Checking libm v0.2.16
    Checking safe_unaligned_simd v0.2.5
    Checking bytemuck v1.25.2
    Checking whereat v0.1.5
    Checking imgref v1.12.3
    Checking enough v0.4.4
    Checking archmage v0.9.28
    Checking num-traits v0.2.19
    Checking rgb v0.8.53
    Checking cfg-if v1.0.4
    Checking magetypes v0.9.28
    Checking thiserror v2.0.20
    Checking zenpixels v0.2.16
    Checking crossbeam-utils v0.8.22
    Checking memchr v2.8.3
    Checking either v1.18.0
    Checking crossbeam-epoch v0.9.20
    Checking num-integer v0.1.47
    Checking serde_core v1.0.229
    Checking linear-srgb v0.6.12
    Checking simd-adler32 v0.3.10
    Checking num-bigint v0.4.8
    Checking zerocopy v0.8.56
    Checking crossbeam-deque v0.8.7
    Checking libc v0.2.189
    Checking almost-enough v0.4.4
    Checking adler2 v2.0.1
    Checking half v2.7.1
    Checking zencodec v0.1.26
    Checking garb v0.2.8
    Checking rayon-core v1.13.0
    Checking num-rational v0.4.2
    Checking zmij v1.0.23
    Checking wide v1.7.0
    Checking ciborium-io v0.2.2
    Checking clap_lex v1.1.0
    Checking once_cell v1.21.4
    Checking anstyle v1.0.14
    Checking byte-slice-cast v1.2.3
    Checking lz4_flex v0.13.1
    Checking bytes v1.12.1
    Checking serde v1.0.229
    Checking lz4_flex v0.11.6
    Checking itoa v1.0.18
    Checking plotters-backend v0.3.7
    Checking regex-syntax v0.8.11
    Checking serde_json v1.0.151
    Checking plotters-svg v0.3.7
    Checking zenpredict v0.2.1 (https://github.com/imazen/zenanalyze?rev=9a9be8200f26f643b45338711426cacae820f3a1#9a9be820)
    Checking regex-automata v0.4.18
    Checking av-data v0.4.4
    Checking yuvxyb-math v0.1.1
    Checking zenpixels-convert v0.2.16
    Checking clap_builder v4.6.6
    Checking ciborium-ll v0.2.2
    Checking rayon v1.12.0
    Checking miniz_oxide v0.9.1
    Checking crc32fast v1.5.1
    Checking zenblend v0.1.3
    Checking itertools v0.13.0
    Checking v_frame v0.5.2
    Checking zenflate v0.3.6
    Checking cast v0.3.0
    Checking same-file v1.0.6
    Checking log v0.4.34
    Checking walkdir v2.5.0
    Checking yuvxyb v0.5.0
    Checking zenresize v0.3.1
    Checking criterion-plot v0.8.2
    Checking flate2 v1.1.10
    Checking zensim v0.3.0 (https://github.com/imazen/zensim?rev=493c91cdd7af#493c91cd)
    Checking tinytemplate v1.2.1
    Checking clap v4.6.6
    Checking zenpng v0.1.4
    Checking alloca v0.4.0
    Checking ciborium v0.2.2
    Checking regex v1.13.1
    Checking plotters v0.3.7
    Checking miniz_oxide v0.8.9
    Checking page_size v0.6.0
    Checking fs2 v0.4.3
    Checking fdeflate v0.3.7
    Checking heic-core v0.2.0 (/Users/lilith/work/zen/heic/heic-core)
    Checking base64 v0.22.1
    Checking seahash v4.1.0
    Checking anes v0.1.6
    Checking bitflags v2.13.1
    Checking oorandom v11.1.5
    Checking png v0.18.1
    Checking criterion v0.8.2
    Checking fast-ssim2 v0.8.2
    Checking zencodec-testkit v0.1.0
    Checking zensim-regress v0.4.0 (https://github.com/imazen/zensim?rev=493c91cdd7af#493c91cd)
    Checking heic v0.2.0 (/Users/lilith/work/zen/heic)
    Finished `dev` profile [unoptimized + debuginfo] target(s) in 3.82s
